Using CPython 3.10.20 interpreter at: /opt/homebrew/opt/python@3.10/bin/python3.10
Creating virtual environment at: .venv
   Building stable-worldmodel @ file:///Users/rishisim/Documents/research/lewm-p2-contact/runs/lewm_adaptive_compute_locked_stack_replay/source_repo
warning: `build_system.requires = ["uv-build>=0.9.21,<0.10.0"]` does not contain the
                        current uv version 0.10.10
warning: Found license classifier `License :: OSI Approved :: MIT License`. License classifiers are ambiguous and deprecated per PEP 639; projects should use `project.license` and `project.license-files` instead.
      Built stable-worldmodel @ file:///Users/rishisim/Documents/research/lewm-p2-contact/runs/lewm_adaptive_compute_locked_stack_replay/source_repo
Downloading pygments (1.2MiB)
Downloading setuptools (1.1MiB)
Downloading networkx (1.6MiB)
Downloading sympy (6.0MiB)
Downloading shapely (1.6MiB)
Downloading jax (2.6MiB)
Downloading pyopengl (3.0MiB)
Downloading jaxlib (51.8MiB)
Downloading pygame (11.8MiB)
Downloading matplotlib (7.8MiB)
Downloading torch (71.0MiB)
Downloading imageio-ffmpeg (20.1MiB)
Downloading labmaze (4.6MiB)
Downloading opencv-python (43.9MiB)
Downloading scipy (21.3MiB)
Downloading tensorstore (13.1MiB)
Downloading pandas (10.3MiB)
Downloading hdf5plugin (12.7MiB)
Downloading pillow (4.5MiB)
Downloading numpy (5.1MiB)
Downloading box2d (1.2MiB)
Downloading swig (2.5MiB)
Downloading lxml (8.2MiB)
Downloading ogbench (8.5MiB)
Downloading dm-control (53.8MiB)
Downloading ale-py (2.2MiB)
Downloading torchvision (1.8MiB)
Downloading fonttools (2.7MiB)
Downloading h5py (2.7MiB)
 Downloaded pygments
 Downloaded setuptools
 Downloaded box2d
 Downloaded shapely
 Downloaded networkx
 Downloaded torchvision
Downloading mujoco (6.5MiB)
 Downloaded ale-py
 Downloaded jax
 Downloaded swig
 Downloaded fonttools
 Downloaded pyopengl
 Downloaded h5py
 Downloaded pillow
 Downloaded labmaze
 Downloaded numpy
 Downloaded sympy
 Downloaded matplotlib
 Downloaded lxml
 Downloaded ogbench
 Downloaded pandas
 Downloaded pygame
 Downloaded mujoco
 Downloaded hdf5plugin
 Downloaded tensorstore
 Downloaded imageio-ffmpeg
 Downloaded scipy
 Downloaded jaxlib
 Downloaded opencv-python
 Downloaded torch
 Downloaded dm-control
Prepared 101 packages in 6.95s
Installed 101 packages in 580ms
 + absl-py==2.3.1
 + aiofiles==25.1.0
 + ale-py==0.11.2
 + array-api-compat==1.13.0
 + attrs==25.4.0
 + beautifulsoup4==4.14.3
 + box2d==2.3.10
 + certifi==2026.1.4
 + cffi==2.0.0
 + charset-normalizer==3.4.4
 + chex==0.1.90
 + cloudpickle==3.1.2
 + contourpy==1.3.2
 + cycler==0.12.1
 + decorator==5.2.1
 + dm-control==1.0.36
 + dm-env==1.6
 + dm-tree==0.1.9
 + einops==0.8.1
 + etils==1.13.0
 + farama-notifications==0.0.4
 + filelock==3.20.3
 + flax==0.10.7
 + fonttools==4.61.1
 + fsspec==2025.3.0
 + gdown==5.2.1
 + glfw==2.10.0
 + gymnasium==1.2.3
 + h5py==3.15.1
 + hdf5plugin==6.0.0
 + humanize==4.15.0
 + idna==3.11
 + imageio==2.37.2
 + imageio-ffmpeg==0.6.0
 + importlib-resources==6.5.2
 + jax==0.6.2
 + jaxlib==0.6.2
 + jinja2==3.1.6
 + kiwisolver==1.4.9
 + labmaze==1.0.6
 + loguru==0.7.3
 + lxml==6.0.2
 + markdown-it-py==4.0.0
 + markupsafe==3.0.3
 + matplotlib==3.10.8
 + mdurl==0.1.2
 + minigrid==3.0.0
 + ml-dtypes==0.5.4
 + moviepy==2.2.1
 + mpmath==1.3.0
 + msgpack==1.1.2
 + mujoco==3.4.0
 + nest-asyncio==1.6.0
 + networkx==3.4.2
 + numpy==2.2.6
 + ogbench==1.2.1
 + opencv-python==4.13.0.90
 + opt-einsum==3.4.0
 + optax==0.2.6
 + orbax-checkpoint==0.11.31
 + packaging==25.0
 + pandas==2.3.3
 + pillow==11.3.0
 + proglog==0.1.12
 + protobuf==6.33.4
 + psutil==7.2.1
 + pycparser==2.23
 + pygame==2.6.1
 + pygments==2.19.2
 + pymunk==7.2.0
 + pyopengl==3.1.10
 + pyparsing==3.3.1
 + pysocks==1.7.1
 + python-dateutil==2.9.0.post0
 + python-dotenv==1.2.1
 + pytz==2025.2
 + pyyaml==6.0.3
 + requests==2.32.5
 + rich==14.2.0
 + scipy==1.15.3
 + setuptools==80.9.0
 + shapely==2.1.2
 + simplejson==3.20.2
 + six==1.17.0
 + soupsieve==2.8.3
 + stable-baselines3==2.7.1
 + stable-worldmodel==0.0.5 (from file:///Users/rishisim/Documents/research/lewm-p2-contact/runs/lewm_adaptive_compute_locked_stack_replay/source_repo)
 + swig==4.4.1
 + sympy==1.14.0
 + tabulate==0.9.0
 + tensorstore==0.1.78
 + toolz==1.1.0
 + torch==2.9.1
 + torchvision==0.24.1
 + tqdm==4.67.1
 + treescope==0.1.10
 + typing-extensions==4.15.0
 + tzdata==2025.3
 + urllib3==2.6.3
 + wrapt==2.0.1
 + zipp==3.23.0
