01 GET https://huggingface.co/api/datasets/quentinll/lewm-cube/commits/main
200 1321 https://huggingface.co/api/datasets/quentinll/lewm-cube/commits/main
02 GET https://huggingface.co/api/datasets/quentinll/lewm-cube/revision/de75ff3cef0851c208b849c58570d765a2ae0637
200 446 https://huggingface.co/api/datasets/quentinll/lewm-cube/revision/de75ff3cef0851c208b849c58570d765a2ae0637
03 GET https://huggingface.co/api/datasets/quentinll/lewm-cube/tree/de75ff3cef0851c208b849c58570d765a2ae0637?recursive=true&expand=true
200 1134 https://huggingface.co/api/datasets/quentinll/lewm-cube/tree/de75ff3cef0851c208b849c58570d765a2ae0637?recursive=true&expand=true
04 GET https://huggingface.co/datasets/quentinll/lewm-cube/raw/de75ff3cef0851c208b849c58570d765a2ae0637/README.md
200 24 https://huggingface.co/datasets/quentinll/lewm-cube/raw/de75ff3cef0851c208b849c58570d765a2ae0637/README.md
05 GET https://huggingface.co/api/datasets/quentinll/lewm-cube/revision/f6fe469578297a910bd4c88b9857f572908d7a34
200 489 https://huggingface.co/api/datasets/quentinll/lewm-cube/revision/f6fe469578297a910bd4c88b9857f572908d7a34
06 GET https://huggingface.co/api/datasets/quentinll/lewm-cube/tree/f6fe469578297a910bd4c88b9857f572908d7a34?recursive=true&expand=true
200 2064 https://huggingface.co/api/datasets/quentinll/lewm-cube/tree/f6fe469578297a910bd4c88b9857f572908d7a34?recursive=true&expand=true
07 GET https://huggingface.co/datasets/quentinll/lewm-cube/raw/f6fe469578297a910bd4c88b9857f572908d7a34/README.md
200 24 https://huggingface.co/datasets/quentinll/lewm-cube/raw/f6fe469578297a910bd4c88b9857f572908d7a34/README.md
08 GET https://huggingface.co/api/datasets/quentinll/lewm-cube/revision/116b5467ac69094027b3e2cfda48c79f482356d3
200 577 https://huggingface.co/api/datasets/quentinll/lewm-cube/revision/116b5467ac69094027b3e2cfda48c79f482356d3
09 GET https://huggingface.co/api/datasets/quentinll/lewm-cube/tree/116b5467ac69094027b3e2cfda48c79f482356d3?recursive=true&expand=true
200 1960 https://huggingface.co/api/datasets/quentinll/lewm-cube/tree/116b5467ac69094027b3e2cfda48c79f482356d3?recursive=true&expand=true
10 GET https://huggingface.co/datasets/quentinll/lewm-cube/raw/116b5467ac69094027b3e2cfda48c79f482356d3/README.md
200 91 https://huggingface.co/datasets/quentinll/lewm-cube/raw/116b5467ac69094027b3e2cfda48c79f482356d3/README.md
11 GET https://huggingface.co/api/datasets/quentinll/lewm-cube/revision/63c01ba443b5ebdfd363b46ead9912b612218d96
200 577 https://huggingface.co/api/datasets/quentinll/lewm-cube/revision/63c01ba443b5ebdfd363b46ead9912b612218d96
12 GET https://huggingface.co/api/datasets/quentinll/lewm-cube/tree/63c01ba443b5ebdfd363b46ead9912b612218d96?recursive=true&expand=true
200 1961 https://huggingface.co/api/datasets/quentinll/lewm-cube/tree/63c01ba443b5ebdfd363b46ead9912b612218d96?recursive=true&expand=true
13 GET https://huggingface.co/datasets/quentinll/lewm-cube/raw/63c01ba443b5ebdfd363b46ead9912b612218d96/README.md
200 118 https://huggingface.co/datasets/quentinll/lewm-cube/raw/63c01ba443b5ebdfd363b46ead9912b612218d96/README.md
14 GET https://huggingface.co/api/datasets/quentinll/lewm-cube/revision/54324364f20a0002c075958c49c7027ffa2ffd71
200 585 https://huggingface.co/api/datasets/quentinll/lewm-cube/revision/54324364f20a0002c075958c49c7027ffa2ffd71
15 GET https://huggingface.co/api/datasets/quentinll/lewm-cube/tree/54324364f20a0002c075958c49c7027ffa2ffd71?recursive=true&expand=true
200 2067 https://huggingface.co/api/datasets/quentinll/lewm-cube/tree/54324364f20a0002c075958c49c7027ffa2ffd71?recursive=true&expand=true
16 GET https://huggingface.co/datasets/quentinll/lewm-cube/raw/54324364f20a0002c075958c49c7027ffa2ffd71/README.md
200 126 https://huggingface.co/datasets/quentinll/lewm-cube/raw/54324364f20a0002c075958c49c7027ffa2ffd71/README.md
17 GET https://huggingface.co/api/datasets/quentinll/lewm-cube/revision/02a19a67a0dc8c9d6215f89c19e0a597691e152a
200 604 https://huggingface.co/api/datasets/quentinll/lewm-cube/revision/02a19a67a0dc8c9d6215f89c19e0a597691e152a
18 GET https://huggingface.co/api/datasets/quentinll/lewm-cube/tree/02a19a67a0dc8c9d6215f89c19e0a597691e152a?recursive=true&expand=true
200 2067 https://huggingface.co/api/datasets/quentinll/lewm-cube/tree/02a19a67a0dc8c9d6215f89c19e0a597691e152a?recursive=true&expand=true
19 GET https://huggingface.co/datasets/quentinll/lewm-cube/raw/02a19a67a0dc8c9d6215f89c19e0a597691e152a/README.md
200 143 https://huggingface.co/datasets/quentinll/lewm-cube/raw/02a19a67a0dc8c9d6215f89c19e0a597691e152a/README.md
20 GET https://huggingface.co/datasets/quentinll/lewm-cube/raw/de75ff3cef0851c208b849c58570d765a2ae0637/.gitattributes
200 2504 https://huggingface.co/datasets/quentinll/lewm-cube/raw/de75ff3cef0851c208b849c58570d765a2ae0637/.gitattributes
21 GET https://huggingface.co/datasets/quentinll/lewm-cube/raw/f6fe469578297a910bd4c88b9857f572908d7a34/.gitattributes
200 2504 https://huggingface.co/datasets/quentinll/lewm-cube/raw/f6fe469578297a910bd4c88b9857f572908d7a34/.gitattributes
logical_requests=21
22 GET https://huggingface.co/api/datasets/quentinll/lewm-cube/commit/f6fe469578297a910bd4c88b9857f572908d7a34
404 62 https://huggingface.co/api/datasets/quentinll/lewm-cube/commit/f6fe469578297a910bd4c88b9857f572908d7a34
archive logical request GET Range bytes=0-1048575 https://huggingface.co/datasets/quentinll/lewm-cube/resolve/f6fe469578297a910bd4c88b9857f572908d7a34/cube_single_expert.tar.zst
archive_curl_exit=0 206 1048576 https://cas-bridge.xethub.hf.co/xet-bridge-us/69c599dff167c86881cbdba8/ffe07ef65b18ea16455f304e1d22fc9e617381cd874576103419dea1064503bf?Expires=1784088695&Policy=eyJTdGF0ZW1lbnQiOlt7IlJlc291cmNlIjoiaHR0cHM6Ly9jYXMtYnJpZGdlLnhldGh1Yi5oZi5jby94ZXQtYnJpZGdlLXVzLzY5YzU5OWRmZjE2N2M4Njg4MWNiZGJhOC9mZmUwN2VmNjViMThlYTE2NDU1ZjMwNGUxZDIyZmM5ZTYxNzM4MWNkODc0NTc2MTAzNDE5ZGVhMTA2NDUwM2JmKiIsIkNvbmRpdGlvbiI6eyJEYXRlTGVzc1RoYW4iOnsiQVdTOkVwb2NoVGltZSI6MTc4NDA4ODY5NX19fV19&Signature=MEQCIBZukvzllYv%7EryutKXbD3ci3ViNTfc7FYRG3dPZoXSqHAiBPE1aQNNo1Vc7RF%7Ea4bp5MK7TVPSnxCcWjufu7MWc9cg__&Key-Pair-Id=K3EPXBYC3CKDRZ&response-content-disposition=inline%3B+filename*%3DUTF-8%27%27cube_single_expert.tar.zst%3B+filename%3D%22cube_single_expert.tar.zst%22%3B&X-Xet-Cas-Uid=public&X-Amz-Algorithm=AWS4-HMAC-SHA256&X-Amz-Credential=cas%2F20260715%2Fus-east-1%2Fs3%2Faws4_request&X-Amz-Date=20260715T031135Z&X-Amz-Expires=3600&X-Amz-SignedHeaders=host&X-Amz-Signature=566f943476cf0f109b8996fcfa86f6c765439e7c44beec4e75ad0673858d89ec
zstd_dd_pipeline_exit=0
local_xattr_inspection_complete
exact_tie_search_matches=0
reporting_and_verification_complete
