/Users/rishisim/Documents/research/World Models/le-wm/.venv/lib/python3.10/site-packages/pygame/pkgdata.py:25: UserWarning: pkg_resources is deprecated as an API. See https://setuptools.pypa.io/en/latest/pkg_resources.html. The pkg_resources package is slated for removal as early as 2025-11-30. Refrain from using this package or pin to Setuptools<81.
  from pkg_resources import resource_stream, resource_exists
/Users/rishisim/Documents/research/World Models/le-wm/.venv/lib/python3.10/site-packages/gymnasium/spaces/box.py:231: UserWarning: [33mWARN: Box low's precision lowered by casting to float32, current low.dtype=float64[0m
  gym.logger.warn(
/Users/rishisim/Documents/research/World Models/le-wm/.venv/lib/python3.10/site-packages/gymnasium/spaces/box.py:297: UserWarning: [33mWARN: Box high's precision lowered by casting to float32, current high.dtype=float64[0m
  gym.logger.warn(
/Users/rishisim/Documents/research/World Models/le-wm/.venv/lib/python3.10/site-packages/gymnasium/spaces/box.py:415: UserWarning: [33mWARN: Casting input x to numpy array.[0m
  gym.logger.warn("Casting input x to numpy array.")
2026-07-14 19:38:48.216 | INFO     | stable_worldmodel.world:__init__:123 - 🌍🌍🌍 World swm/OGBCube-v0 initialized 🌍🌍🌍
2026-07-14 19:38:48.216 | INFO     | stable_worldmodel.world:__init__:125 - 🕹️ 🕹️ 🕹️ Action space 🕹️ 🕹️ 🕹️
2026-07-14 19:38:48.216 | INFO     | stable_worldmodel.world:__init__:126 - Box(-1.0, 1.0, (1, 5), float32)
2026-07-14 19:38:48.216 | INFO     | stable_worldmodel.world:__init__:128 - 👁️ 👁️ 👁️ Observation space 👁️ 👁️ 👁️
2026-07-14 19:38:48.216 | INFO     | stable_worldmodel.world:__init__:129 - Box(-inf, inf, (1, 28), float64)
2026-07-14 19:38:48.216 | INFO     | stable_worldmodel.world:__init__:132 - ⚗️ ⚗️ ⚗️ Variation space ⚗️ ⚗️ ⚗️
agent:
    color: Box(0.0, 1.0, (3,), float64)
    ee_start_position: Box([ 0.25 -0.35  0.2 ], [0.6  0.35 0.35], (3,), float64)
camera:
    angle_delta: Box(-10.0, 10.0, (1, 2), float64)
cube:
    color: Box(0.0, 1.0, (1, 3), float64)
    goal_position: Box([[ 0.3 -0.3]], [[0.55 0.3 ]], (1, 2), float64)
    goal_yaw: Box(0.0, 6.283185307179586, (1,), float64)
    size: Box(0.01, 0.03, (1,), float64)
    start_position: Box([[ 0.3 -0.3]], [[0.55 0.3 ]], (1, 2), float64)
    start_yaw: Box(0.0, 6.283185307179586, (1,), float64)
floor:
    color: Box(0.0, 1.0, (2, 3), float64)
light:
    intensity: Box(0.0, 1.0, (1,), float64)
{
  "summary": {
    "state_qpos": {
      "exact": true,
      "max_abs": 0.0,
      "mean_abs": 0.0,
      "count": 1512
    },
    "state_qvel": {
      "exact": true,
      "max_abs": 0.0,
      "mean_abs": 0.0,
      "count": 1440
    },
    "observation": {
      "exact": false,
      "max_abs": 1.0,
      "mean_abs": 0.007944540204737423,
      "count": 2016
    },
    "control_mapping": {
      "exact": false,
      "max_abs": 0.0027710284166331256,
      "mean_abs": 0.0003880662936040196,
      "count": 448
    },
    "action_transition_qpos": {
      "exact": false,
      "max_abs": 0.0014564449977447769,
      "mean_abs": 6.478806009944338e-05,
      "count": 1344
    },
    "action_transition_qvel": {
      "exact": false,
      "max_abs": 0.28359643396160744,
      "mean_abs": 0.001959326859900745,
      "count": 1280
    },
    "direct_control_transition_qpos": {
      "exact": false,
      "max_abs": 3.412507129258845e-05,
      "mean_abs": 2.0027227666569135e-07,
      "count": 1344
    },
    "direct_control_transition_qvel": {
      "exact": false,
      "max_abs": 0.0025156798239951428,
      "mean_abs": 2.456434887003915e-05,
      "count": 1280
    },
    "privileged": {
      "joint_pos": {
        "exact": true,
        "max_abs": 0.0,
        "mean_abs": 0.0,
        "count": 432
      },
      "joint_vel": {
        "exact": true,
        "max_abs": 0.0,
        "mean_abs": 0.0,
        "count": 432
      },
      "effector_pos": {
        "exact": false,
        "max_abs": 0.0007034204517309961,
        "mean_abs": 0.00018158078009283967,
        "count": 216
      },
      "effector_yaw": {
        "exact": false,
        "max_abs": 0.0018559074166846212,
        "mean_abs": 0.00045458054736414934,
        "count": 72
      },
      "gripper_opening": {
        "exact": true,
        "max_abs": 0.0,
        "mean_abs": 0.0,
        "count": 72
      },
      "gripper_vel": {
        "exact": true,
        "max_abs": 0.0,
        "mean_abs": 0.0,
        "count": 72
      },
      "gripper_contact": {
        "exact": false,
        "max_abs": 1.0,
        "mean_abs": 0.21641454320660505,
        "count": 72
      },
      "block_pos": {
        "exact": true,
        "max_abs": 0.0,
        "mean_abs": 0.0,
        "count": 216
      },
      "block_quat": {
        "exact": true,
        "max_abs": 0.0,
        "mean_abs": 0.0,
        "count": 288
      },
      "block_yaw": {
        "exact": false,
        "max_abs": 1.1102230246251565e-16,
        "mean_abs": 9.25185853854297e-18,
        "count": 72
      }
    },
    "reset_qpos": {
      "exact": false,
      "max_abs": 3.5915056697445733,
      "mean_abs": 0.07696158670997785,
      "count": 168
    },
    "reset_qvel": {
      "exact": true,
      "max_abs": 0.0,
      "mean_abs": 0.0,
      "count": 160
    },
    "pixels_best": {
      "exact": false,
      "max_abs": 122.0,
      "mean_abs": 0.284632261107568,
      "count": 3612672
    }
  },
  "passes": {
    "reset": false,
    "state": true,
    "observation": false,
    "render": false,
    "control": false,
    "action_dynamics": false,
    "direct_control_dynamics": false
  }
}
